USER LOGIN MODE
PLEASE ENTER YOUR REQUEST
USER LOGIN MODE
ERROR INVALID INPUT
ERROR INVALID INPUT
ERROR INVALID INPUT
ERROR INVALID INPUT
PLEASE ENTER YOUR REQUEST
USER LOGIN MODE
PLEASE ENTER YOUR REQUEST
ERROR INVALID INPUT
$400 DEPOSITED ~~~ BALANCE NOW $1400
INSUFFICIENT BALANCE
SODA IS $75
BALANCE NOW $1400
ERROR INVALID INPUT
REQUESTED ITEM IS NOT AVAIBLE
ITEM SODA BOUGHT FOR $75
