Loading user info......Done
Receiving packet from user......
BUY_CODE detected!
Sending buy ack......Done!
Receiving packet from user......
USER_CODE detected!
Deposit success! Balance: 1400
Receiving packet from user......
USER_CODE detected!
Receiving packet from user......
PRICE/STATUS_CODE detected!
Receiving packet from user......
BUY_CODE detected!
Sending buy ack......Done!
Receiving packet from user......
PRICE/STATUS_CODE detected!
